// Vitest Snapshot v1, https://vitest.dev/guide/snapshot.html

exports[`renderMarkdown > renders the full English report (snapshot) 1`] = `
"# acme Engineering Report — Week of Jun 29 – Jul 5, 2026

## Executive Summary

A strong week focused on the API: rate limiting landed and review flow stayed healthy.

## Key Numbers

| | |
|---|---:|
| PRs merged | 4 |
| Merged to production | 1 |
| Merged to staging | 3 |
| PRs opened | 3 |
| PRs currently open | 3 |
| Reviews submitted | 4 |
| Issues opened | 2 |
| Issues closed | 1 |
| Commits (work branches) | 76 |
| Lines changed (merged PRs) | +6,960 / −5,150 |
| Active contributors | 5 |
| Active repos | 3 / 3 |
| Median time to merge | 28.5 h |

## Highlights

- 🕰️ **Oldest open PR**: [api#7](https://github.com/acme/api/pull/7) “Refactor billing” by @dave — open for 66 days.
- 🚢 **Top merger**: @bob (2).
- 🔍 **Top reviewer**: @bob (2).
- 🧊 **PRs awaiting first review** (2 total ≥7d):
  - [api#7](https://github.com/acme/api/pull/7) “Refactor billing” by @dave — 66 days
  - [web#8](https://github.com/acme/web/pull/8) “Migrate to Vite” by @alice — 16 days
- 🐘 **Biggest PR merged**: [web#3](https://github.com/acme/web/pull/3) “New dashboard” by @carol (+1,500/−200).
- ⚡ **Fastest first review**: @carol reviewed [api#1](https://github.com/acme/api/pull/1) in 45 min.
- 🎉 **First-time contributors**: @dave — welcome!
- 🔥 **Most active repo**: **api** (2 PRs merged, 42 commits).

## Repository Activity

| Repository | PRs merged | PRs opened | Open now | Issues (opened/closed) | Commits | Δ lines |
|---|---:|---:|---:|---:|---:|---:|
| **api** | 2 | 2 | 2 | 1/1 | 42 | +460/−150 |
| ↳ _Rate limiter + N+1 fix merged; billing refactor still waiting._ |||||||
| **web** | 2 | 0 | 1 | 1/0 | 31 | +6,500/−5,000 |
| **docs** | 0 | 1 | 0 | 0/0 | 3 | +0/−0 |

<details>
<summary>📦 View all 4 merged PRs (detail per repository)</summary>

**api** (2)

- [api#1](https://github.com/acme/api/pull/1) “Add rate limiter” — @alice (+400/−120, Jun 30)
- [api#2](https://github.com/acme/api/pull/2) “Fix N+1 in reports” — @dave (+60/−30, Jul 2)

**web** (2)

- [web#4](https://github.com/acme/web/pull/4) “Bump deps” — @depbot[bot] (+5,000/−4,800, Jul 1)
- [web#3](https://github.com/acme/web/pull/3) “New dashboard” — @carol (+1,500/−200, Jul 3)

</details>

## Contributors

| Contributor | PRs merged | PRs opened | Reviews | Merges | Issues opened |
|---|---:|---:|---:|---:|---:|
| @carol | 1 | 1 | 1 | 1 | 1 |
| @alice | 1 | 1 | 1 | 1 | 0 |
| @bob | 0 | 0 | 2 | 2 | 0 |
| @dave | 1 | 1 | 0 | 0 | 0 |
| @erin | 0 | 0 | 0 | 0 | 1 |

Bob carried reviews this week; dave landed his first contribution.

## Appendix — methodology & caveats

- Window: 2026-06-29 → 2026-07-05 (UTC) — previous complete week.
- Repos scanned: 3 (after include/exclude filters).
- Numbers are computed deterministically from the GitHub API (Search + GraphQL); the LLM writes narrative only and never computes figures. Review counts cover the first 50 reviews per PR. Commits are counted on each repo’s work branch (develop/development/staging, configurable) falling back to its default branch. Person-level commit counts are not attributed in v1.
- LLM: anthropic claude-sonnet-4-5 — 6,200 in / 1,400 out tokens (~$0.040 estimated).

_Generated by OmbuPulse._
"
`;

exports[`renderMarkdown > renders the full Spanish report (snapshot) 1`] = `
"# acme Engineering Report — Semana del 29 jun al 5 jul, 2026

## Resumen Ejecutivo

A strong week focused on the API: rate limiting landed and review flow stayed healthy.

## Números Clave

| | |
|---|---:|
| PRs mergeados | 4 |
| Mergeados a producción | 1 |
| Mergeados a staging | 3 |
| PRs abiertos | 3 |
| PRs abiertos actualmente | 3 |
| Reviews realizadas | 4 |
| Issues abiertos | 2 |
| Issues cerrados | 1 |
| Commits (ramas de trabajo) | 76 |
| Líneas modificadas (PRs mergeados) | +6,960 / −5,150 |
| Contribuidores activos | 5 |
| Repos activos | 3 / 3 |
| Mediana de tiempo a merge | 28.5 h |

## Destacados

- 🕰️ **PR abierto más antiguo**: [api#7](https://github.com/acme/api/pull/7) “Refactor billing” de @dave — abierto hace 66 días.
- 🚢 **Quien más mergea**: @bob (2).
- 🔍 **Top reviewer**: @bob (2).
- 🧊 **PRs esperando primera review** (2 en total ≥7d):
  - [api#7](https://github.com/acme/api/pull/7) “Refactor billing” de @dave — 66 días
  - [web#8](https://github.com/acme/web/pull/8) “Migrate to Vite” de @alice — 16 días
- 🐘 **PR más grande mergeado**: [web#3](https://github.com/acme/web/pull/3) “New dashboard” de @carol (+1,500/−200).
- ⚡ **Primera review más rápida**: @carol revisó [api#1](https://github.com/acme/api/pull/1) en 45 min.
- 🎉 **Nuevos contribuidores**: @dave — ¡bienvenidos!
- 🔥 **Repo más activo**: **api** (2 PRs mergeados, 42 commits).

## Actividad por Repositorio

| Repositorio | PRs mergeados | PRs abiertos | Abiertos hoy | Issues (abiertos/cerrados) | Commits | Δ líneas |
|---|---:|---:|---:|---:|---:|---:|
| **api** | 2 | 2 | 2 | 1/1 | 42 | +460/−150 |
| ↳ _Rate limiter + N+1 fix merged; billing refactor still waiting._ |||||||
| **web** | 2 | 0 | 1 | 1/0 | 31 | +6,500/−5,000 |
| **docs** | 0 | 1 | 0 | 0/0 | 3 | +0/−0 |

<details>
<summary>📦 Ver los 4 PRs mergeados (detalle por repositorio)</summary>

**api** (2)

- [api#1](https://github.com/acme/api/pull/1) “Add rate limiter” — @alice → develop (+400/−120, 30 jun)
- [api#2](https://github.com/acme/api/pull/2) “Fix N+1 in reports” — @dave → develop (+60/−30, 2 jul)

**web** (2)

- [web#4](https://github.com/acme/web/pull/4) “Bump deps” — @depbot[bot] → develop (+5,000/−4,800, 1 jul)
- [web#3](https://github.com/acme/web/pull/3) “New dashboard” — @carol → main (+1,500/−200, 3 jul)

</details>

## Contribuidores

| Contribuidor | PRs mergeados | PRs abiertos | Reviews | Merges | Issues abiertos |
|---|---:|---:|---:|---:|---:|
| @carol | 1 | 1 | 1 | 1 | 1 |
| @alice | 1 | 1 | 1 | 1 | 0 |
| @bob | 0 | 0 | 2 | 2 | 0 |
| @dave | 1 | 1 | 0 | 0 | 0 |
| @erin | 0 | 0 | 0 | 0 | 1 |

Bob carried reviews this week; dave landed his first contribution.

## Apéndice — metodología y salvedades

- Ventana: 2026-06-29 → 2026-07-05 (UTC) — período completo anterior: semana.
- Repos analizados: 3 (después de filtros include/exclude).
- Los números se calculan de forma determinística desde la API de GitHub (Search + GraphQL); el LLM solo escribe narrativa y nunca calcula cifras. Los conteos de reviews cubren las primeras 50 por PR. Los commits se cuentan sobre la rama de trabajo de cada repo (develop/development/staging, configurable) con fallback a su rama default. Los commits por persona no se atribuyen en v1.
- LLM: anthropic claude-sonnet-4-5 — 6,200 tokens de entrada / 1,400 de salida (~$0.040 estimado).

_Generado por OmbuPulse._
"
`;
